MPLINK 4.49, Linker
Linker Map File - Created Wed Jan 08 13:53:04 2025

                                 Section Info
                  Section       Type    Address   Location Size(Bytes)
                ---------  ---------  ---------  ---------  ---------
                   .org_0       code   0x000000    program   0x000000
                   .org_1       code   0x000000    program   0x000002
                   .org_2       code   0x000005    program   0x00002e
    .config_2007_PROG 2.O       code   0x002007    program   0x000002



                              Program Memory Usage 
                               Start         End      
                           ---------   ---------      
                            0x000000    0x000000      
                            0x000005    0x00001b      
                            0x002007    0x002007      
            25 out of 1094 program addresses used, program memory utilization is 2%



                              Symbols - Sorted by Name
                     Name    Address   Location    Storage File                     
                ---------  ---------  ---------  --------- ---------                
                    DELAY   0x000013    program     static D:\X\project\programming_projects\academic\Embedded-Systems\7-Segment-Display\prog 2.asm
              DELAY_LOOP1   0x000015    program     static D:\X\project\programming_projects\academic\Embedded-Systems\7-Segment-Display\prog 2.asm
              DELAY_LOOP2   0x000017    program     static D:\X\project\programming_projects\academic\Embedded-Systems\7-Segment-Display\prog 2.asm
             DISPLAY_LOOP   0x000009    program     static D:\X\project\programming_projects\academic\Embedded-Systems\7-Segment-Display\prog 2.asm
                MAIN_LOOP   0x000008    program     static D:\X\project\programming_projects\academic\Embedded-Systems\7-Segment-Display\prog 2.asm
                    START   0x000005    program     static D:\X\project\programming_projects\academic\Embedded-Systems\7-Segment-Display\prog 2.asm



                              Symbols - Sorted by Address
                     Name    Address   Location    Storage File                     
                ---------  ---------  ---------  --------- ---------                
                    START   0x000005    program     static D:\X\project\programming_projects\academic\Embedded-Systems\7-Segment-Display\prog 2.asm
                MAIN_LOOP   0x000008    program     static D:\X\project\programming_projects\academic\Embedded-Systems\7-Segment-Display\prog 2.asm
             DISPLAY_LOOP   0x000009    program     static D:\X\project\programming_projects\academic\Embedded-Systems\7-Segment-Display\prog 2.asm
                    DELAY   0x000013    program     static D:\X\project\programming_projects\academic\Embedded-Systems\7-Segment-Display\prog 2.asm
              DELAY_LOOP1   0x000015    program     static D:\X\project\programming_projects\academic\Embedded-Systems\7-Segment-Display\prog 2.asm
              DELAY_LOOP2   0x000017    program     static D:\X\project\programming_projects\academic\Embedded-Systems\7-Segment-Display\prog 2.asm


